// Jest Snapshot v1, https://goo.gl/fbAQLP

exports[`should render AddRecordPage correctly 1`] = `
<div>
  <h1>
    Add Record
  </h1>
  <RecordForm
    onSubmit={[Function]}
  />
</div>
`;
