// Jest Snapshot v1, https://goo.gl/fbAQLP

exports[`should render Entrypage 1`] = `
<div>
  <Connect(RecordListFilters) />
  <Connect(RecordList) />
</div>
`;
