// Jest Snapshot v1, https://goo.gl/fbAQLP

exports[`render PageNotFound 1`] = `
<div>
  404! - 
  <Link
    replace={false}
    to="/"
  >
    Page not found
  </Link>
</div>
`;
